21:10:19 **** Incremental Build of configuration Debug for project nosh ****
make -j4 all 
arm-none-eabi-gcc "../Core/Src/main.c" -mcpu=cortex-m4 -std=gnu11 -g3 -DDEBUG -DUSE_HAL_DRIVER -DSTM32L412xx -c -I../Core/Inc -I../Drivers/STM32L4xx_HAL_Driver/Inc -I../Drivers/STM32L4xx_HAL_Driver/Inc/Legacy -I../Drivers/CMSIS/Device/ST/STM32L4xx/Include -I../Drivers/CMSIS/Include -O0 -ffunction-sections -fdata-sections -Wall -fstack-usage -fcyclomatic-complexity -MMD -MP -MF"Core/Src/main.d" -MT"Core/Src/main.o" --specs=nano.specs -mfpu=fpv4-sp-d16 -mfloat-abi=hard -mthumb -o "Core/Src/main.o"
arm-none-eabi-gcc -o "nosh.elf" @"objects.list"   -mcpu=cortex-m4 -T"E:\Abhinav\stm32cube\blinktest\nosh\nosh\STM32L412KBUX_FLASH.ld" --specs=nosys.specs -Wl,-Map="nosh.map" -Wl,--gc-sections -static --specs=nano.specs -mfpu=fpv4-sp-d16 -mfloat-abi=hard -mthumb -Wl,--start-group -lc -lm -Wl,--end-group
Finished building target: nosh.elf
 
arm-none-eabi-size  nosh.elf 
arm-none-eabi-objdump -h -S nosh.elf  > "nosh.list"
   text	   data	    bss	    dec	    hex	filename
  11288	     12	   1724	  13024	   32e0	nosh.elf
Finished building: default.size.stdout
 
Finished building: nosh.list
 
21:11:45 **** Incremental Build of configuration Debug for project nosh ****
make -j4 all 
arm-none-eabi-size  nosh.elf 
   text	   data	    bss	    dec	    hex	filename
  11288	     12	   1724	  13024	   32e0	nosh.elf
Finished building: default.size.stdout
 
21:15:22 **** Incremental Build of configuration Debug for project nosh ****
make -j4 all 
arm-none-eabi-size  nosh.elf 
   text	   data	    bss	    dec	    hex	filename
  11288	     12	   1724	  13024	   32e0	nosh.elf
Finished building: default.size.stdout
 
21:16:03 **** Incremental Build of configuration Debug for project nosh ****
make -j4 all 
arm-none-eabi-size  nosh.elf 
   text	   data	    bss	    dec	    hex	filename
  11288	     12	   1724	  13024	   32e0	nosh.elf
Finished building: default.size.stdout
 
21:16:16 **** Incremental Build of configuration Debug for project nosh ****
make -j4 all 
arm-none-eabi-size  nosh.elf 
   text	   data	    bss	    dec	    hex	filename
  11288	     12	   1724	  13024	   32e0	nosh.elf
Finished building: default.size.stdout
 
